// Jest Snapshot v1, https://goo.gl/fbAQLP

exports[`AppComponent should create the app: empty_state 1`] = `
<div
  id="root0"
>
  <header>
    <h1>
      FLOWERS
    </h1>
  </header>
  <nav>
    <a
      routerlink="/flowers/buy"
    >
      buy
    </a>
    <a
      routerlink="/flowers/sell"
    >
      sell
    </a>
  </nav>
  <main>
    <router-outlet />
  </main>
</div>
`;
